Traceback (most recent call last):
  File "generar_roc.py", line 99, in <module>
    main()
  File "generar_roc.py", line 92, in main
    json.dump(roc_data, f)
  File "/usr/lib/python3.8/json/__init__.py", line 179, in dump
    for chunk in iterable:
  File "/usr/lib/python3.8/json/encoder.py", line 431, in _iterencode
    yield from _iterencode_dict(o, _current_indent_level)
  File "/usr/lib/python3.8/json/encoder.py", line 405, in _iterencode_dict
    yield from chunks
  File "/usr/lib/python3.8/json/encoder.py", line 405, in _iterencode_dict
    yield from chunks
  File "/usr/lib/python3.8/json/encoder.py", line 325, in _iterencode_list
    yield from chunks
  File "/usr/lib/python3.8/json/encoder.py", line 438, in _iterencode
    o = _default(o)
  File "/usr/lib/python3.8/json/encoder.py", line 179, in default
    raise TypeError(f'Object of type {o.__class__.__name__} '
TypeError: Object of type int64 is not JSON serializable
srun: error: etse-75-51: task 0: Exited with exit code 1
