Dispositivo actual: cuda
Modelo seleccionado: SIS1
GPU Info: NVIDIA TITAN X (Pascal)
Pacientes detectados (24): ['chb01', 'chb02', 'chb03', 'chb04', 'chb05', 'chb06', 'chb07', 'chb08', 'chb09', 'chb10', 'chb11', 'chb12', 'chb13', 'chb14', 'chb15', 'chb16', 'chb17', 'chb18', 'chb19', 'chb20', 'chb21', 'chb22', 'chb23', 'chb24']

>>> INICIANDO EXPERIMENTO PERSONALIZADO (Total: 24) <<<

=== Paciente chb01 ===
--- [Personalized] Cargando: chb01 ---
   Train: 21223 | Val: 5306 | Crisis Train: 1944 | Crisis Val: 1536
Entrenando en cuda...
Ep 1/50 | TrLoss: 0.1368 TrAcc: 0.9470 | ValLoss: 0.2202 ValAcc: 0.9359
Ep 2/50 | TrLoss: 0.0422 TrAcc: 0.9877 | ValLoss: 0.1825 ValAcc: 0.9442
Ep 3/50 | TrLoss: 0.0323 TrAcc: 0.9907 | ValLoss: 0.1306 ValAcc: 0.9580
Ep 4/50 | TrLoss: 0.0226 TrAcc: 0.9923 | ValLoss: 0.1102 ValAcc: 0.9606
Ep 5/50 | TrLoss: 0.0175 TrAcc: 0.9943 | ValLoss: 0.1251 ValAcc: 0.9531
Ep 6/50 | TrLoss: 0.0158 TrAcc: 0.9953 | ValLoss: 0.0777 ValAcc: 0.9742
Ep 7/50 | TrLoss: 0.0086 TrAcc: 0.9976 | ValLoss: 0.0873 ValAcc: 0.9723
Ep 8/50 | TrLoss: 0.0076 TrAcc: 0.9977 | ValLoss: 0.0862 ValAcc: 0.9712
Ep 9/50 | TrLoss: 0.0050 TrAcc: 0.9989 | ValLoss: 0.0896 ValAcc: 0.9693
Ep 10/50 | TrLoss: 0.0044 TrAcc: 0.9990 | ValLoss: 0.0781 ValAcc: 0.9785
Ep 11/50 | TrLoss: 0.0037 TrAcc: 0.9992 | ValLoss: 0.0821 ValAcc: 0.9746
Early stopping! (Patience 5)

=== Reporte Validación ===
              precision    recall  f1-score   support

      Normal       0.98      0.98      0.98      3770
     Seizure       0.95      0.96      0.96      1536

    accuracy                           0.97      5306
   macro avg       0.97      0.97      0.97      5306
weighted avg       0.97      0.97      0.97      5306


=== Paciente chb02 ===
--- [Personalized] Cargando: chb02 ---
   Train: 7322 | Val: 1831 | Crisis Train: 1288 | Crisis Val: 64
Entrenando en cuda...
Ep 1/50 | TrLoss: 0.2979 TrAcc: 0.8763 | ValLoss: 0.2232 ValAcc: 0.9623
Ep 2/50 | TrLoss: 0.1082 TrAcc: 0.9638 | ValLoss: 0.0678 ValAcc: 0.9863
Ep 3/50 | TrLoss: 0.0647 TrAcc: 0.9777 | ValLoss: 0.0377 ValAcc: 0.9956
Ep 4/50 | TrLoss: 0.0490 TrAcc: 0.9831 | ValLoss: 0.0183 ValAcc: 0.9984
Ep 5/50 | TrLoss: 0.0385 TrAcc: 0.9863 | ValLoss: 0.0235 ValAcc: 0.9984
Ep 6/50 | TrLoss: 0.0255 TrAcc: 0.9917 | ValLoss: 0.0177 ValAcc: 0.9984
Ep 7/50 | TrLoss: 0.0190 TrAcc: 0.9928 | ValLoss: 0.0236 ValAcc: 0.9967
Ep 8/50 | TrLoss: 0.0150 TrAcc: 0.9955 | ValLoss: 0.0293 ValAcc: 0.9945
Ep 9/50 | TrLoss: 0.0133 TrAcc: 0.9948 | ValLoss: 0.0077 ValAcc: 0.9984
Ep 10/50 | TrLoss: 0.0119 TrAcc: 0.9973 | ValLoss: 0.0321 ValAcc: 0.9924
Ep 11/50 | TrLoss: 0.0122 TrAcc: 0.9952 | ValLoss: 0.0057 ValAcc: 0.9989
Ep 12/50 | TrLoss: 0.0122 TrAcc: 0.9967 | ValLoss: 0.0085 ValAcc: 0.9989
Ep 13/50 | TrLoss: 0.0084 TrAcc: 0.9973 | ValLoss: 0.0088 ValAcc: 0.9984
Ep 14/50 | TrLoss: 0.0056 TrAcc: 0.9992 | ValLoss: 0.0109 ValAcc: 0.9989
Ep 15/50 | TrLoss: 0.0051 TrAcc: 0.9988 | ValLoss: 0.0500 ValAcc: 0.9853
Ep 16/50 | TrLoss: 0.0042 TrAcc: 0.9992 | ValLoss: 0.0064 ValAcc: 0.9989
Early stopping! (Patience 5)

=== Reporte Validación ===
              precision    recall  f1-score   support

      Normal       1.00      1.00      1.00      1767
     Seizure       1.00      0.97      0.98        64

    accuracy                           1.00      1831
   macro avg       1.00      0.98      0.99      1831
weighted avg       1.00      1.00      1.00      1831


=== Paciente chb03 ===
--- [Personalized] Cargando: chb03 ---
   Train: 22019 | Val: 5505 | Crisis Train: 2240 | Crisis Val: 920
Entrenando en cuda...
Ep 1/50 | TrLoss: 0.1408 TrAcc: 0.9494 | ValLoss: 0.3172 ValAcc: 0.8721
Ep 2/50 | TrLoss: 0.0558 TrAcc: 0.9826 | ValLoss: 0.0890 ValAcc: 0.9684
Ep 3/50 | TrLoss: 0.0338 TrAcc: 0.9896 | ValLoss: 0.0558 ValAcc: 0.9818
Ep 4/50 | TrLoss: 0.0222 TrAcc: 0.9934 | ValLoss: 0.2608 ValAcc: 0.9253
Ep 5/50 | TrLoss: 0.0165 TrAcc: 0.9950 | ValLoss: 0.2682 ValAcc: 0.9290
Ep 6/50 | TrLoss: 0.0102 TrAcc: 0.9973 | ValLoss: 0.0404 ValAcc: 0.9889
Ep 7/50 | TrLoss: 0.0119 TrAcc: 0.9961 | ValLoss: 0.2165 ValAcc: 0.9515
Ep 8/50 | TrLoss: 0.0059 TrAcc: 0.9987 | ValLoss: 0.1425 ValAcc: 0.9708
Ep 9/50 | TrLoss: 0.0042 TrAcc: 0.9992 | ValLoss: 0.2156 ValAcc: 0.9589
Ep 10/50 | TrLoss: 0.0197 TrAcc: 0.9990 | ValLoss: 0.1617 ValAcc: 0.9580
Ep 11/50 | TrLoss: 0.0902 TrAcc: 0.9790 | ValLoss: 0.0833 ValAcc: 0.9757
Early stopping! (Patience 5)

=== Reporte Validación ===
              precision    recall  f1-score   support

      Normal       0.97      1.00      0.99      4585
     Seizure       0.99      0.87      0.92       920

    accuracy                           0.98      5505
   macro avg       0.98      0.93      0.95      5505
weighted avg       0.98      0.98      0.98      5505


=== Paciente chb04 ===
--- [Personalized] Cargando: chb04 ---
   Train: 17488 | Val: 4372 | Crisis Train: 1264 | Crisis Val: 1728
Entrenando en cuda...
Ep 1/50 | TrLoss: 0.2369 TrAcc: 0.9099 | ValLoss: 2.2918 ValAcc: 0.6048
Ep 2/50 | TrLoss: 0.1285 TrAcc: 0.9397 | ValLoss: 3.3219 ValAcc: 0.6089
Ep 3/50 | TrLoss: 0.0737 TrAcc: 0.9776 | ValLoss: 5.7979 ValAcc: 0.6164
Ep 4/50 | TrLoss: 0.0379 TrAcc: 0.9901 | ValLoss: 7.1379 ValAcc: 0.6260
Ep 5/50 | TrLoss: 0.0237 TrAcc: 0.9946 | ValLoss: 5.5418 ValAcc: 0.6532
Ep 6/50 | TrLoss: 0.0150 TrAcc: 0.9966 | ValLoss: 7.3165 ValAcc: 0.6521
Early stopping! (Patience 5)

=== Reporte Validación ===
              precision    recall  f1-score   support

      Normal       0.63      1.00      0.78      2644
     Seizure       1.00      0.12      0.21      1728

    accuracy                           0.65      4372
   macro avg       0.82      0.56      0.50      4372
weighted avg       0.78      0.65      0.55      4372


=== Paciente chb05 ===
--- [Personalized] Cargando: chb05 ---
   Train: 10393 | Val: 2599 | Crisis Train: 3496 | Crisis Val: 928
Entrenando en cuda...
Ep 1/50 | TrLoss: 0.2152 TrAcc: 0.9182 | ValLoss: 0.2380 ValAcc: 0.9204
Ep 2/50 | TrLoss: 0.0864 TrAcc: 0.9702 | ValLoss: 0.2632 ValAcc: 0.9434
Ep 3/50 | TrLoss: 0.0559 TrAcc: 0.9823 | ValLoss: 0.1320 ValAcc: 0.9638
Ep 4/50 | TrLoss: 0.0429 TrAcc: 0.9873 | ValLoss: 0.1843 ValAcc: 0.9234
Ep 5/50 | TrLoss: 0.0385 TrAcc: 0.9885 | ValLoss: 0.1621 ValAcc: 0.9711
Ep 6/50 | TrLoss: 0.0335 TrAcc: 0.9907 | ValLoss: 0.1791 ValAcc: 0.9715
Ep 7/50 | TrLoss: 0.0296 TrAcc: 0.9902 | ValLoss: 0.1047 ValAcc: 0.9750
Ep 8/50 | TrLoss: 0.0239 TrAcc: 0.9927 | ValLoss: 0.1250 ValAcc: 0.9677
Ep 9/50 | TrLoss: 0.0199 TrAcc: 0.9944 | ValLoss: 0.1540 ValAcc: 0.9731
Ep 10/50 | TrLoss: 0.0170 TrAcc: 0.9944 | ValLoss: 0.1553 ValAcc: 0.9792
Ep 11/50 | TrLoss: 0.0132 TrAcc: 0.9968 | ValLoss: 0.1515 ValAcc: 0.9804
Ep 12/50 | TrLoss: 0.0124 TrAcc: 0.9962 | ValLoss: 0.2154 ValAcc: 0.9765
Early stopping! (Patience 5)

=== Reporte Validación ===
              precision    recall  f1-score   support

      Normal       0.97      0.99      0.98      1671
     Seizure       0.99      0.95      0.97       928

    accuracy                           0.98      2599
   macro avg       0.98      0.97      0.97      2599
weighted avg       0.98      0.98      0.98      2599


=== Paciente chb06 ===
--- [Personalized] Cargando: chb06 ---
   Train: 37896 | Val: 9474 | Crisis Train: 936 | Crisis Val: 208
Entrenando en cuda...
Ep 1/50 | TrLoss: 0.1218 TrAcc: 0.9686 | ValLoss: 0.1319 ValAcc: 0.9780
Ep 2/50 | TrLoss: 0.0827 TrAcc: 0.9753 | ValLoss: 0.1085 ValAcc: 0.9780
Ep 3/50 | TrLoss: 0.0596 TrAcc: 0.9753 | ValLoss: 0.0811 ValAcc: 0.9780
Ep 4/50 | TrLoss: 0.0429 TrAcc: 0.9768 | ValLoss: 0.0607 ValAcc: 0.9840
Ep 5/50 | TrLoss: 0.0371 TrAcc: 0.9832 | ValLoss: 0.0617 ValAcc: 0.9845
Ep 6/50 | TrLoss: 0.0348 TrAcc: 0.9856 | ValLoss: 0.0457 ValAcc: 0.9913
Ep 7/50 | TrLoss: 0.0208 TrAcc: 0.9911 | ValLoss: 0.0393 ValAcc: 0.9920
Ep 8/50 | TrLoss: 0.0154 TrAcc: 0.9916 | ValLoss: 0.0345 ValAcc: 0.9931
Ep 9/50 | TrLoss: 0.0125 TrAcc: 0.9935 | ValLoss: 0.0332 ValAcc: 0.9918
Ep 10/50 | TrLoss: 0.0132 TrAcc: 0.9940 | ValLoss: 0.0313 ValAcc: 0.9929
Ep 11/50 | TrLoss: 0.0088 TrAcc: 0.9953 | ValLoss: 0.0322 ValAcc: 0.9936
Ep 12/50 | TrLoss: 0.0064 TrAcc: 0.9963 | ValLoss: 0.0286 ValAcc: 0.9939
Ep 13/50 | TrLoss: 0.0058 TrAcc: 0.9961 | ValLoss: 0.0318 ValAcc: 0.9937
Ep 14/50 | TrLoss: 0.0051 TrAcc: 0.9964 | ValLoss: 0.0332 ValAcc: 0.9936
Ep 15/50 | TrLoss: 0.0049 TrAcc: 0.9982 | ValLoss: 0.0365 ValAcc: 0.9937
Ep 16/50 | TrLoss: 0.0030 TrAcc: 0.9989 | ValLoss: 0.0422 ValAcc: 0.9931
Ep 17/50 | TrLoss: 0.0023 TrAcc: 0.9989 | ValLoss: 0.0455 ValAcc: 0.9932
Early stopping! (Patience 5)

=== Reporte Validación ===
              precision    recall  f1-score   support

      Normal       0.99      1.00      1.00      9266
     Seizure       0.94      0.74      0.83       208

    accuracy                           0.99      9474
   macro avg       0.97      0.87      0.91      9474
weighted avg       0.99      0.99      0.99      9474


=== Paciente chb07 ===
--- [Personalized] Cargando: chb07 ---
   Train: 14872 | Val: 3719 | Crisis Train: 1440 | Crisis Val: 1136
Entrenando en cuda...
Ep 1/50 | TrLoss: 0.1329 TrAcc: 0.9516 | ValLoss: 0.4594 ValAcc: 0.8954
Ep 2/50 | TrLoss: 0.0342 TrAcc: 0.9886 | ValLoss: 0.9441 ValAcc: 0.8376
Ep 3/50 | TrLoss: 0.0326 TrAcc: 0.9884 | ValLoss: 0.3983 ValAcc: 0.9333
Ep 4/50 | TrLoss: 0.0154 TrAcc: 0.9950 | ValLoss: 0.6418 ValAcc: 0.9199
Ep 5/50 | TrLoss: 0.0113 TrAcc: 0.9959 | ValLoss: 1.0152 ValAcc: 0.9032
Ep 6/50 | TrLoss: 0.0079 TrAcc: 0.9973 | ValLoss: 1.2483 ValAcc: 0.8973
Ep 7/50 | TrLoss: 0.0060 TrAcc: 0.9983 | ValLoss: 1.2643 ValAcc: 0.9016
Ep 8/50 | TrLoss: 0.0038 TrAcc: 0.9989 | ValLoss: 0.8713 ValAcc: 0.9263
Early stopping! (Patience 5)

=== Reporte Validación ===
              precision    recall  f1-score   support

      Normal       0.91      1.00      0.95      2583
     Seizure       0.99      0.76      0.86      1136

    accuracy                           0.93      3719
   macro avg       0.95      0.88      0.91      3719
weighted avg       0.93      0.93      0.92      3719


=== Paciente chb08 ===
--- [Personalized] Cargando: chb08 ---
   Train: 12560 | Val: 3140 | Crisis Train: 5208 | Crisis Val: 2104
Entrenando en cuda...
Ep 1/50 | TrLoss: 0.3377 TrAcc: 0.8625 | ValLoss: 0.5110 ValAcc: 0.8013
Ep 2/50 | TrLoss: 0.2222 TrAcc: 0.9158 | ValLoss: 0.5185 ValAcc: 0.8029
Ep 3/50 | TrLoss: 0.1845 TrAcc: 0.9295 | ValLoss: 0.4060 ValAcc: 0.8475
Ep 4/50 | TrLoss: 0.1612 TrAcc: 0.9387 | ValLoss: 0.4072 ValAcc: 0.8497
Ep 5/50 | TrLoss: 0.1399 TrAcc: 0.9451 | ValLoss: 0.4311 ValAcc: 0.8433
Ep 6/50 | TrLoss: 0.1274 TrAcc: 0.9515 | ValLoss: 0.3391 ValAcc: 0.8685
Ep 7/50 | TrLoss: 0.1065 TrAcc: 0.9611 | ValLoss: 0.4400 ValAcc: 0.8436
Ep 8/50 | TrLoss: 0.0952 TrAcc: 0.9650 | ValLoss: 0.4323 ValAcc: 0.8513
Ep 9/50 | TrLoss: 0.0923 TrAcc: 0.9668 | ValLoss: 0.8415 ValAcc: 0.7697
Ep 10/50 | TrLoss: 0.0772 TrAcc: 0.9736 | ValLoss: 0.3475 ValAcc: 0.8809
Ep 11/50 | TrLoss: 0.0691 TrAcc: 0.9756 | ValLoss: 0.3386 ValAcc: 0.8873
Ep 12/50 | TrLoss: 0.0659 TrAcc: 0.9784 | ValLoss: 0.3232 ValAcc: 0.8917
Ep 13/50 | TrLoss: 0.0580 TrAcc: 0.9808 | ValLoss: 0.8652 ValAcc: 0.7946
Ep 14/50 | TrLoss: 0.0516 TrAcc: 0.9853 | ValLoss: 0.7066 ValAcc: 0.8143
Ep 15/50 | TrLoss: 0.0450 TrAcc: 0.9881 | ValLoss: 0.3819 ValAcc: 0.8818
Ep 16/50 | TrLoss: 0.0408 TrAcc: 0.9886 | ValLoss: 0.4067 ValAcc: 0.8783
Ep 17/50 | TrLoss: 0.0356 TrAcc: 0.9908 | ValLoss: 0.4394 ValAcc: 0.8758
Early stopping! (Patience 5)

=== Reporte Validación ===
              precision    recall  f1-score   support

      Normal       0.76      0.91      0.83      1036
     Seizure       0.95      0.86      0.90      2104

    accuracy                           0.88      3140
   macro avg       0.86      0.89      0.87      3140
weighted avg       0.89      0.88      0.88      3140


=== Paciente chb09 ===
--- [Personalized] Cargando: chb09 ---
   Train: 15332 | Val: 3833 | Crisis Train: 1131 | Crisis Val: 1045
Entrenando en cuda...
Ep 1/50 | TrLoss: 0.1142 TrAcc: 0.9650 | ValLoss: 0.1932 ValAcc: 0.9708
Ep 2/50 | TrLoss: 0.0293 TrAcc: 0.9908 | ValLoss: 0.2214 ValAcc: 0.9778
Ep 3/50 | TrLoss: 0.0176 TrAcc: 0.9949 | ValLoss: 0.2151 ValAcc: 0.9802
Ep 4/50 | TrLoss: 0.0112 TrAcc: 0.9972 | ValLoss: 0.2596 ValAcc: 0.9478
Ep 5/50 | TrLoss: 0.0081 TrAcc: 0.9979 | ValLoss: 0.2259 ValAcc: 0.9804
Ep 6/50 | TrLoss: 0.0056 TrAcc: 0.9986 | ValLoss: 0.2482 ValAcc: 0.9697
Early stopping! (Patience 5)

=== Reporte Validación ===
              precision    recall  f1-score   support

      Normal       0.99      0.97      0.98      2788
     Seizure       0.93      0.97      0.95      1045

    accuracy                           0.97      3833
   macro avg       0.96      0.97      0.96      3833
weighted avg       0.97      0.97      0.97      3833


=== Paciente chb10 ===
--- [Personalized] Cargando: chb10 ---
   Train: 22652 | Val: 5663 | Crisis Train: 2392 | Crisis Val: 1128
Entrenando en cuda...
Ep 1/50 | TrLoss: 0.1856 TrAcc: 0.9289 | ValLoss: 0.4567 ValAcc: 0.9359
Ep 2/50 | TrLoss: 0.0518 TrAcc: 0.9843 | ValLoss: 0.5483 ValAcc: 0.9564
Ep 3/50 | TrLoss: 0.0272 TrAcc: 0.9930 | ValLoss: 0.6234 ValAcc: 0.9622
Ep 4/50 | TrLoss: 0.0181 TrAcc: 0.9950 | ValLoss: 0.7531 ValAcc: 0.9581
Ep 5/50 | TrLoss: 0.0145 TrAcc: 0.9964 | ValLoss: 0.5032 ValAcc: 0.9816
Ep 6/50 | TrLoss: 0.0089 TrAcc: 0.9976 | ValLoss: 0.7126 ValAcc: 0.9698
Early stopping! (Patience 5)

=== Reporte Validación ===
              precision    recall  f1-score   support

      Normal       0.96      1.00      0.98      4535
     Seizure       1.00      0.85      0.92      1128

    accuracy                           0.97      5663
   macro avg       0.98      0.92      0.95      5663
weighted avg       0.97      0.97      0.97      5663


=== Paciente chb11 ===
--- [Personalized] Cargando: chb11 ---
   Train: 8767 | Val: 2192 | Crisis Train: 4232 | Crisis Val: 2192
Entrenando en cuda...
Ep 1/50 | TrLoss: 0.2339 TrAcc: 0.8980 | ValLoss: 0.5049 ValAcc: 0.9129
Ep 2/50 | TrLoss: 0.0815 TrAcc: 0.9713 | ValLoss: 0.7385 ValAcc: 0.9147
Ep 3/50 | TrLoss: 0.0484 TrAcc: 0.9839 | ValLoss: 0.6816 ValAcc: 0.9174
Ep 4/50 | TrLoss: 0.0323 TrAcc: 0.9896 | ValLoss: 0.7193 ValAcc: 0.9179
Ep 5/50 | TrLoss: 0.0258 TrAcc: 0.9916 | ValLoss: 0.6318 ValAcc: 0.9215
Ep 6/50 | TrLoss: 0.0203 TrAcc: 0.9937 | ValLoss: 0.7783 ValAcc: 0.9142
Early stopping! (Patience 5)

=== Reporte Validación ===
              precision    recall  f1-score   support

      Normal       0.00      0.00      0.00         0
     Seizure       1.00      0.91      0.96      2192

    accuracy                           0.91      2192
   macro avg       0.50      0.46      0.48      2192
weighted avg       1.00      0.91      0.96      2192


=== Paciente chb12 ===
--- [Personalized] Cargando: chb12 ---
   Train: 19048 | Val: 4762 | Crisis Train: 4992 | Crisis Val: 2704
Entrenando en cuda...
Ep 1/50 | TrLoss: 0.5091 TrAcc: 0.7580 | ValLoss: 0.9396 ValAcc: 0.5277
Ep 2/50 | TrLoss: 0.2953 TrAcc: 0.8863 | ValLoss: 0.3860 ValAcc: 0.8463
Ep 3/50 | TrLoss: 0.2313 TrAcc: 0.9138 | ValLoss: 0.3124 ValAcc: 0.8679
Ep 4/50 | TrLoss: 0.1966 TrAcc: 0.9278 | ValLoss: 0.2950 ValAcc: 0.8769
Ep 5/50 | TrLoss: 0.1634 TrAcc: 0.9401 | ValLoss: 0.4620 ValAcc: 0.8379
Ep 6/50 | TrLoss: 0.1420 TrAcc: 0.9502 | ValLoss: 0.6067 ValAcc: 0.8247
Ep 7/50 | TrLoss: 0.1160 TrAcc: 0.9617 | ValLoss: 0.3263 ValAcc: 0.8793
Ep 8/50 | TrLoss: 0.0991 TrAcc: 0.9669 | ValLoss: 0.4247 ValAcc: 0.8658
Ep 9/50 | TrLoss: 0.0818 TrAcc: 0.9725 | ValLoss: 0.7150 ValAcc: 0.8339
Early stopping! (Patience 5)

=== Reporte Validación ===
              precision    recall  f1-score   support

      Normal       0.72      1.00      0.84      2058
     Seizure       1.00      0.71      0.83      2704

    accuracy                           0.83      4762
   macro avg       0.86      0.85      0.83      4762
weighted avg       0.88      0.83      0.83      4762


=== Paciente chb13 ===
--- [Personalized] Cargando: chb13 ---
   Train: 22066 | Val: 5517 | Crisis Train: 1800 | Crisis Val: 1640
Entrenando en cuda...
Ep 1/50 | TrLoss: 0.2772 TrAcc: 0.9135 | ValLoss: 0.8653 ValAcc: 0.7027
Ep 2/50 | TrLoss: 0.1627 TrAcc: 0.9331 | ValLoss: 0.8109 ValAcc: 0.7616
Ep 3/50 | TrLoss: 0.0921 TrAcc: 0.9690 | ValLoss: 1.1626 ValAcc: 0.8204
Ep 4/50 | TrLoss: 0.0714 TrAcc: 0.9768 | ValLoss: 1.3293 ValAcc: 0.8225
Ep 5/50 | TrLoss: 0.0579 TrAcc: 0.9802 | ValLoss: 1.3332 ValAcc: 0.8271
Ep 6/50 | TrLoss: 0.0512 TrAcc: 0.9828 | ValLoss: 1.3296 ValAcc: 0.8407
Ep 7/50 | TrLoss: 0.0453 TrAcc: 0.9841 | ValLoss: 1.7103 ValAcc: 0.8218
Early stopping! (Patience 5)

=== Reporte Validación ===
              precision    recall  f1-score   support

      Normal       0.80      0.99      0.89      3877
     Seizure       0.96      0.42      0.58      1640

    accuracy                           0.82      5517
   macro avg       0.88      0.70      0.73      5517
weighted avg       0.85      0.82      0.80      5517


=== Paciente chb14 ===
--- [Personalized] Cargando: chb14 ---
   Train: 20659 | Val: 5165 | Crisis Train: 1000 | Crisis Val: 288
Entrenando en cuda...
Ep 1/50 | TrLoss: 0.1945 TrAcc: 0.9446 | ValLoss: 0.3585 ValAcc: 0.9442
Ep 2/50 | TrLoss: 0.1150 TrAcc: 0.9522 | ValLoss: 0.4581 ValAcc: 0.9442
Ep 3/50 | TrLoss: 0.0833 TrAcc: 0.9673 | ValLoss: 0.3377 ValAcc: 0.9593
Ep 4/50 | TrLoss: 0.0703 TrAcc: 0.9774 | ValLoss: 0.3502 ValAcc: 0.9673
Ep 5/50 | TrLoss: 0.0542 TrAcc: 0.9832 | ValLoss: 0.3622 ValAcc: 0.9690
Ep 6/50 | TrLoss: 0.0418 TrAcc: 0.9866 | ValLoss: 0.4004 ValAcc: 0.9669
Ep 7/50 | TrLoss: 0.0351 TrAcc: 0.9880 | ValLoss: 0.3438 ValAcc: 0.9733
Ep 8/50 | TrLoss: 0.0309 TrAcc: 0.9901 | ValLoss: 0.2278 ValAcc: 0.9791
Ep 9/50 | TrLoss: 0.0219 TrAcc: 0.9935 | ValLoss: 0.4422 ValAcc: 0.9690
Ep 10/50 | TrLoss: 0.0173 TrAcc: 0.9953 | ValLoss: 0.2069 ValAcc: 0.9808
Ep 11/50 | TrLoss: 0.0187 TrAcc: 0.9940 | ValLoss: 0.3008 ValAcc: 0.9760
Ep 12/50 | TrLoss: 0.0132 TrAcc: 0.9967 | ValLoss: 0.3264 ValAcc: 0.9742
Ep 13/50 | TrLoss: 0.0109 TrAcc: 0.9969 | ValLoss: 0.2011 ValAcc: 0.9799
Ep 14/50 | TrLoss: 0.0098 TrAcc: 0.9971 | ValLoss: 0.1798 ValAcc: 0.9785
Ep 15/50 | TrLoss: 0.0081 TrAcc: 0.9981 | ValLoss: 0.3012 ValAcc: 0.9768
Ep 16/50 | TrLoss: 0.0084 TrAcc: 0.9974 | ValLoss: 0.1823 ValAcc: 0.9789
Ep 17/50 | TrLoss: 0.0061 TrAcc: 0.9980 | ValLoss: 0.6923 ValAcc: 0.9675
Ep 18/50 | TrLoss: 0.0049 TrAcc: 0.9988 | ValLoss: 0.1619 ValAcc: 0.9626
Ep 19/50 | TrLoss: 0.0054 TrAcc: 0.9982 | ValLoss: 0.3792 ValAcc: 0.9750
Ep 20/50 | TrLoss: 0.0031 TrAcc: 0.9996 | ValLoss: 0.5515 ValAcc: 0.9712
Ep 21/50 | TrLoss: 0.0030 TrAcc: 0.9993 | ValLoss: 0.3976 ValAcc: 0.9758
Ep 22/50 | TrLoss: 0.0031 TrAcc: 0.9993 | ValLoss: 0.5286 ValAcc: 0.9706
Ep 23/50 | TrLoss: 0.0028 TrAcc: 0.9995 | ValLoss: 0.4045 ValAcc: 0.9783
Early stopping! (Patience 5)

=== Reporte Validación ===
              precision    recall  f1-score   support

      Normal       0.98      1.00      0.99      4877
     Seizure       0.96      0.64      0.77       288

    accuracy                           0.98      5165
   macro avg       0.97      0.82      0.88      5165
weighted avg       0.98      0.98      0.98      5165


=== Paciente chb15 ===
--- [Personalized] Cargando: chb15 ---
   Train: 50387 | Val: 12597 | Crisis Train: 11152 | Crisis Val: 4624
Entrenando en cuda...
Ep 1/50 | TrLoss: 0.2404 TrAcc: 0.9034 | ValLoss: 0.1669 ValAcc: 0.9570
Ep 2/50 | TrLoss: 0.0610 TrAcc: 0.9804 | ValLoss: 0.1655 ValAcc: 0.9611
Ep 3/50 | TrLoss: 0.0434 TrAcc: 0.9855 | ValLoss: 0.2311 ValAcc: 0.9565
Ep 4/50 | TrLoss: 0.0306 TrAcc: 0.9904 | ValLoss: 0.2396 ValAcc: 0.9577
Ep 5/50 | TrLoss: 0.0240 TrAcc: 0.9921 | ValLoss: 0.2751 ValAcc: 0.9541
Ep 6/50 | TrLoss: 0.0203 TrAcc: 0.9937 | ValLoss: 0.2799 ValAcc: 0.9564
Ep 7/50 | TrLoss: 0.0153 TrAcc: 0.9953 | ValLoss: 0.2133 ValAcc: 0.9642
Early stopping! (Patience 5)

=== Reporte Validación ===
              precision    recall  f1-score   support

      Normal       0.95      1.00      0.97      7973
     Seizure       0.99      0.91      0.95      4624

    accuracy                           0.96     12597
   macro avg       0.97      0.95      0.96     12597
weighted avg       0.97      0.96      0.96     12597


=== Paciente chb16 ===
--- [Personalized] Cargando: chb16 ---
   Train: 14340 | Val: 3586 | Crisis Train: 232 | Crisis Val: 256
Entrenando en cuda...
Ep 1/50 | TrLoss: 0.1235 TrAcc: 0.9747 | ValLoss: 0.6136 ValAcc: 0.9286
Ep 2/50 | TrLoss: 0.0690 TrAcc: 0.9838 | ValLoss: 0.7750 ValAcc: 0.9286
Ep 3/50 | TrLoss: 0.0613 TrAcc: 0.9838 | ValLoss: 0.7365 ValAcc: 0.9286
Ep 4/50 | TrLoss: 0.0522 TrAcc: 0.9838 | ValLoss: 0.7123 ValAcc: 0.9286
Ep 5/50 | TrLoss: 0.0411 TrAcc: 0.9838 | ValLoss: 0.9920 ValAcc: 0.9286
Ep 6/50 | TrLoss: 0.0302 TrAcc: 0.9847 | ValLoss: 0.9492 ValAcc: 0.9384
Early stopping! (Patience 5)

=== Reporte Validación ===
              precision    recall  f1-score   support

      Normal       0.94      1.00      0.97      3330
     Seizure       1.00      0.14      0.24       256

    accuracy                           0.94      3586
   macro avg       0.97      0.57      0.60      3586
weighted avg       0.94      0.94      0.92      3586


=== Paciente chb17 ===
--- [Personalized] Cargando: chb17 ---
   Train: 10132 | Val: 2533 | Crisis Train: 1624 | Crisis Val: 696
Entrenando en cuda...
Ep 1/50 | TrLoss: 0.3233 TrAcc: 0.8717 | ValLoss: 0.4498 ValAcc: 0.7276
Ep 2/50 | TrLoss: 0.1528 TrAcc: 0.9387 | ValLoss: 0.4257 ValAcc: 0.8176
Ep 3/50 | TrLoss: 0.0818 TrAcc: 0.9697 | ValLoss: 0.3398 ValAcc: 0.8974
Ep 4/50 | TrLoss: 0.0569 TrAcc: 0.9779 | ValLoss: 0.4342 ValAcc: 0.8891
Ep 5/50 | TrLoss: 0.0489 TrAcc: 0.9832 | ValLoss: 0.4623 ValAcc: 0.8922
Ep 6/50 | TrLoss: 0.0408 TrAcc: 0.9864 | ValLoss: 0.4247 ValAcc: 0.9084
Ep 7/50 | TrLoss: 0.0328 TrAcc: 0.9889 | ValLoss: 0.3816 ValAcc: 0.9143
Ep 8/50 | TrLoss: 0.0279 TrAcc: 0.9913 | ValLoss: 0.2315 ValAcc: 0.9360
Ep 9/50 | TrLoss: 0.0244 TrAcc: 0.9922 | ValLoss: 0.2216 ValAcc: 0.9278
Ep 10/50 | TrLoss: 0.0214 TrAcc: 0.9936 | ValLoss: 0.2491 ValAcc: 0.9364
Ep 11/50 | TrLoss: 0.0168 TrAcc: 0.9957 | ValLoss: 0.3903 ValAcc: 0.9329
Ep 12/50 | TrLoss: 0.0136 TrAcc: 0.9964 | ValLoss: 0.4695 ValAcc: 0.9203
Ep 13/50 | TrLoss: 0.0119 TrAcc: 0.9973 | ValLoss: 0.3074 ValAcc: 0.9388
Ep 14/50 | TrLoss: 0.0097 TrAcc: 0.9975 | ValLoss: 0.3864 ValAcc: 0.9349
Early stopping! (Patience 5)

=== Reporte Validación ===
              precision    recall  f1-score   support

      Normal       0.92      0.99      0.96      1837
     Seizure       0.98      0.78      0.87       696

    accuracy                           0.93      2533
   macro avg       0.95      0.89      0.91      2533
weighted avg       0.94      0.93      0.93      2533


=== Paciente chb18 ===
--- [Personalized] Cargando: chb18 ---
   Train: 17658 | Val: 4415 | Crisis Train: 1592 | Crisis Val: 896
Entrenando en cuda...
Ep 1/50 | TrLoss: 0.2466 TrAcc: 0.9005 | ValLoss: 0.5540 ValAcc: 0.8068
Ep 2/50 | TrLoss: 0.1245 TrAcc: 0.9596 | ValLoss: 0.5165 ValAcc: 0.8448
Ep 3/50 | TrLoss: 0.0941 TrAcc: 0.9717 | ValLoss: 0.5916 ValAcc: 0.8369
Ep 4/50 | TrLoss: 0.0832 TrAcc: 0.9764 | ValLoss: 0.7459 ValAcc: 0.8535
Ep 5/50 | TrLoss: 0.0724 TrAcc: 0.9796 | ValLoss: 0.7414 ValAcc: 0.8514
Ep 6/50 | TrLoss: 0.0634 TrAcc: 0.9821 | ValLoss: 0.8583 ValAcc: 0.8573
Ep 7/50 | TrLoss: 0.0569 TrAcc: 0.9832 | ValLoss: 1.1539 ValAcc: 0.8510
Early stopping! (Patience 5)

=== Reporte Validación ===
              precision    recall  f1-score   support

      Normal       0.86      0.97      0.91      3519
     Seizure       0.78      0.37      0.50       896

    accuracy                           0.85      4415
   macro avg       0.82      0.67      0.71      4415
weighted avg       0.84      0.85      0.83      4415


=== Paciente chb19 ===
--- [Personalized] Cargando: chb19 ---
   Train: 9590 | Val: 2398 | Crisis Train: 1224 | Crisis Val: 640
Entrenando en cuda...
Ep 1/50 | TrLoss: 0.2319 TrAcc: 0.9320 | ValLoss: 0.2268 ValAcc: 0.9220
Ep 2/50 | TrLoss: 0.1271 TrAcc: 0.9570 | ValLoss: 0.2042 ValAcc: 0.9224
Ep 3/50 | TrLoss: 0.0954 TrAcc: 0.9661 | ValLoss: 0.2468 ValAcc: 0.9153
Ep 4/50 | TrLoss: 0.0732 TrAcc: 0.9723 | ValLoss: 0.1208 ValAcc: 0.9633
Ep 5/50 | TrLoss: 0.0614 TrAcc: 0.9801 | ValLoss: 0.1382 ValAcc: 0.9612
Ep 6/50 | TrLoss: 0.0505 TrAcc: 0.9824 | ValLoss: 0.1350 ValAcc: 0.9633
Ep 7/50 | TrLoss: 0.0413 TrAcc: 0.9867 | ValLoss: 0.1627 ValAcc: 0.9625
Ep 8/50 | TrLoss: 0.0344 TrAcc: 0.9886 | ValLoss: 0.1325 ValAcc: 0.9675
Ep 9/50 | TrLoss: 0.0334 TrAcc: 0.9884 | ValLoss: 0.1344 ValAcc: 0.9708
Early stopping! (Patience 5)

=== Reporte Validación ===
              precision    recall  f1-score   support

      Normal       0.96      1.00      0.98      1758
     Seizure       0.99      0.90      0.94       640

    accuracy                           0.97      2398
   macro avg       0.98      0.95      0.96      2398
weighted avg       0.97      0.97      0.97      2398


=== Paciente chb20 ===
--- [Personalized] Cargando: chb20 ---
   Train: 17228 | Val: 4308 | Crisis Train: 1712 | Crisis Val: 576
Entrenando en cuda...
Ep 1/50 | TrLoss: 0.1511 TrAcc: 0.9469 | ValLoss: 0.3009 ValAcc: 0.9183
Ep 2/50 | TrLoss: 0.0514 TrAcc: 0.9851 | ValLoss: 0.2446 ValAcc: 0.9197
Ep 3/50 | TrLoss: 0.0426 TrAcc: 0.9865 | ValLoss: 0.2044 ValAcc: 0.9239
Ep 4/50 | TrLoss: 0.0337 TrAcc: 0.9882 | ValLoss: 0.2510 ValAcc: 0.8932
Ep 5/50 | TrLoss: 0.0286 TrAcc: 0.9898 | ValLoss: 0.2436 ValAcc: 0.8951
Ep 6/50 | TrLoss: 0.0238 TrAcc: 0.9916 | ValLoss: 0.1720 ValAcc: 0.9325
Ep 7/50 | TrLoss: 0.0218 TrAcc: 0.9926 | ValLoss: 0.1870 ValAcc: 0.9338
Ep 8/50 | TrLoss: 0.0153 TrAcc: 0.9952 | ValLoss: 0.1995 ValAcc: 0.9345
Ep 9/50 | TrLoss: 0.0122 TrAcc: 0.9967 | ValLoss: 0.1981 ValAcc: 0.9208
Ep 10/50 | TrLoss: 0.0087 TrAcc: 0.9977 | ValLoss: 0.1893 ValAcc: 0.9434
Ep 11/50 | TrLoss: 0.0063 TrAcc: 0.9983 | ValLoss: 0.1874 ValAcc: 0.9415
Early stopping! (Patience 5)

=== Reporte Validación ===
              precision    recall  f1-score   support

      Normal       0.98      0.95      0.97      3732
     Seizure       0.74      0.86      0.80       576

    accuracy                           0.94      4308
   macro avg       0.86      0.91      0.88      4308
weighted avg       0.95      0.94      0.94      4308


=== Paciente chb21 ===
--- [Personalized] Cargando: chb21 ---
   Train: 11922 | Val: 2981 | Crisis Train: 1472 | Crisis Val: 88
Entrenando en cuda...
Ep 1/50 | TrLoss: 0.3546 TrAcc: 0.8615 | ValLoss: 0.1926 ValAcc: 0.9705
Ep 2/50 | TrLoss: 0.2195 TrAcc: 0.9037 | ValLoss: 0.0750 ValAcc: 0.9789
Ep 3/50 | TrLoss: 0.1292 TrAcc: 0.9524 | ValLoss: 0.0402 ValAcc: 0.9866
Ep 4/50 | TrLoss: 0.0799 TrAcc: 0.9727 | ValLoss: 0.0929 ValAcc: 0.9661
Ep 5/50 | TrLoss: 0.0572 TrAcc: 0.9806 | ValLoss: 0.0270 ValAcc: 0.9919
Ep 6/50 | TrLoss: 0.0447 TrAcc: 0.9852 | ValLoss: 0.0260 ValAcc: 0.9916
Ep 7/50 | TrLoss: 0.0357 TrAcc: 0.9893 | ValLoss: 0.0324 ValAcc: 0.9899
Ep 8/50 | TrLoss: 0.0309 TrAcc: 0.9901 | ValLoss: 0.0236 ValAcc: 0.9919
Ep 9/50 | TrLoss: 0.0253 TrAcc: 0.9925 | ValLoss: 0.0250 ValAcc: 0.9919
Ep 10/50 | TrLoss: 0.0233 TrAcc: 0.9925 | ValLoss: 0.0288 ValAcc: 0.9913
Ep 11/50 | TrLoss: 0.0185 TrAcc: 0.9945 | ValLoss: 0.0230 ValAcc: 0.9916
Ep 12/50 | TrLoss: 0.0149 TrAcc: 0.9951 | ValLoss: 0.0229 ValAcc: 0.9923
Ep 13/50 | TrLoss: 0.0126 TrAcc: 0.9961 | ValLoss: 0.0211 ValAcc: 0.9916
Ep 14/50 | TrLoss: 0.0100 TrAcc: 0.9974 | ValLoss: 0.0199 ValAcc: 0.9930
Ep 15/50 | TrLoss: 0.0093 TrAcc: 0.9975 | ValLoss: 0.0231 ValAcc: 0.9913
Ep 16/50 | TrLoss: 0.0085 TrAcc: 0.9978 | ValLoss: 0.0225 ValAcc: 0.9930
Ep 17/50 | TrLoss: 0.0064 TrAcc: 0.9983 | ValLoss: 0.0246 ValAcc: 0.9923
Ep 18/50 | TrLoss: 0.0056 TrAcc: 0.9991 | ValLoss: 0.0265 ValAcc: 0.9926
Ep 19/50 | TrLoss: 0.0047 TrAcc: 0.9990 | ValLoss: 0.0234 ValAcc: 0.9926
Early stopping! (Patience 5)

=== Reporte Validación ===
              precision    recall  f1-score   support

      Normal       1.00      1.00      1.00      2893
     Seizure       0.90      0.84      0.87        88

    accuracy                           0.99      2981
   macro avg       0.95      0.92      0.93      2981
weighted avg       0.99      0.99      0.99      2981


=== Paciente chb22 ===
--- [Personalized] Cargando: chb22 ---
   Train: 9614 | Val: 2404 | Crisis Train: 1040 | Crisis Val: 568
Entrenando en cuda...
Ep 1/50 | TrLoss: 0.3164 TrAcc: 0.8706 | ValLoss: 0.2141 ValAcc: 0.9526
Ep 2/50 | TrLoss: 0.1099 TrAcc: 0.9652 | ValLoss: 0.1455 ValAcc: 0.9355
Ep 3/50 | TrLoss: 0.0491 TrAcc: 0.9823 | ValLoss: 0.1981 ValAcc: 0.9243
Ep 4/50 | TrLoss: 0.0236 TrAcc: 0.9927 | ValLoss: 0.0907 ValAcc: 0.9617
Ep 5/50 | TrLoss: 0.0136 TrAcc: 0.9966 | ValLoss: 0.1675 ValAcc: 0.9488
Ep 6/50 | TrLoss: 0.0087 TrAcc: 0.9977 | ValLoss: 0.1382 ValAcc: 0.9563
Ep 7/50 | TrLoss: 0.0060 TrAcc: 0.9991 | ValLoss: 0.1244 ValAcc: 0.9601
Ep 8/50 | TrLoss: 0.0049 TrAcc: 0.9992 | ValLoss: 0.1745 ValAcc: 0.9534
Ep 9/50 | TrLoss: 0.0036 TrAcc: 0.9997 | ValLoss: 0.2125 ValAcc: 0.9501
Early stopping! (Patience 5)

=== Reporte Validación ===
              precision    recall  f1-score   support

      Normal       0.94      1.00      0.97      1836
     Seizure       1.00      0.79      0.88       568

    accuracy                           0.95      2404
   macro avg       0.97      0.90      0.93      2404
weighted avg       0.95      0.95      0.95      2404


=== Paciente chb23 ===
--- [Personalized] Cargando: chb23 ---
   Train: 27788 | Val: 6948 | Crisis Train: 1416 | Crisis Val: 1920
Entrenando en cuda...
Ep 1/50 | TrLoss: 0.1118 TrAcc: 0.9612 | ValLoss: 0.2134 ValAcc: 0.9273
Ep 2/50 | TrLoss: 0.0392 TrAcc: 0.9843 | ValLoss: 0.1761 ValAcc: 0.9403
Ep 3/50 | TrLoss: 0.0302 TrAcc: 0.9882 | ValLoss: 0.2283 ValAcc: 0.9171
Ep 4/50 | TrLoss: 0.0261 TrAcc: 0.9909 | ValLoss: 0.2451 ValAcc: 0.9190
Ep 5/50 | TrLoss: 0.0234 TrAcc: 0.9921 | ValLoss: 0.1476 ValAcc: 0.9528
Ep 6/50 | TrLoss: 0.0216 TrAcc: 0.9935 | ValLoss: 0.2050 ValAcc: 0.9319
Ep 7/50 | TrLoss: 0.0197 TrAcc: 0.9935 | ValLoss: 0.2334 ValAcc: 0.9270
Ep 8/50 | TrLoss: 0.0175 TrAcc: 0.9949 | ValLoss: 0.1366 ValAcc: 0.9624
Ep 9/50 | TrLoss: 0.0163 TrAcc: 0.9952 | ValLoss: 0.1621 ValAcc: 0.9555
Ep 10/50 | TrLoss: 0.0154 TrAcc: 0.9951 | ValLoss: 0.1778 ValAcc: 0.9509
Ep 11/50 | TrLoss: 0.0130 TrAcc: 0.9962 | ValLoss: 0.3357 ValAcc: 0.9113
Ep 12/50 | TrLoss: 0.0124 TrAcc: 0.9965 | ValLoss: 0.2801 ValAcc: 0.9252
Ep 13/50 | TrLoss: 0.0104 TrAcc: 0.9969 | ValLoss: 0.6921 ValAcc: 0.8418
Early stopping! (Patience 5)

=== Reporte Validación ===
              precision    recall  f1-score   support

      Normal       0.82      1.00      0.90      5028
     Seizure       1.00      0.43      0.60      1920

    accuracy                           0.84      6948
   macro avg       0.91      0.71      0.75      6948
weighted avg       0.87      0.84      0.82      6948


=== Paciente chb24 ===
--- [Personalized] Cargando: chb24 ---
   Train: 36560 | Val: 9141 | Crisis Train: 2776 | Crisis Val: 1184
Entrenando en cuda...
Ep 1/50 | TrLoss: 0.1863 TrAcc: 0.9458 | ValLoss: 0.1594 ValAcc: 0.9406
Ep 2/50 | TrLoss: 0.1476 TrAcc: 0.9598 | ValLoss: 0.1375 ValAcc: 0.9606
Ep 3/50 | TrLoss: 0.1348 TrAcc: 0.9619 | ValLoss: 0.2229 ValAcc: 0.9321
Ep 4/50 | TrLoss: 0.1220 TrAcc: 0.9651 | ValLoss: 0.2639 ValAcc: 0.9352
Ep 5/50 | TrLoss: 0.1161 TrAcc: 0.9668 | ValLoss: 0.1635 ValAcc: 0.9579
Ep 6/50 | TrLoss: 0.1113 TrAcc: 0.9687 | ValLoss: 0.3476 ValAcc: 0.9069
Ep 7/50 | TrLoss: 0.0987 TrAcc: 0.9721 | ValLoss: 0.7003 ValAcc: 0.8919
Early stopping! (Patience 5)

=== Reporte Validación ===
              precision    recall  f1-score   support

      Normal       0.89      1.00      0.94      7957
     Seizure       0.93      0.18      0.30      1184

    accuracy                           0.89      9141
   macro avg       0.91      0.59      0.62      9141
weighted avg       0.90      0.89      0.86      9141

Guardado: histories_personalized.json, confusion_matrices_personalized.json

=== RESULTADOS FINALES (personalized) ===
   patient  accuracy        f1
0    chb01  0.974557  0.974603
1    chb02  0.998908  0.998899
2    chb03  0.975658  0.975017
3    chb04  0.652104  0.554230
4    chb05  0.976529  0.976407
5    chb06  0.993245  0.992833
6    chb07  0.926324  0.923301
7    chb08  0.875796  0.878249
8    chb09  0.969736  0.969928
9    chb10  0.969804  0.968858
10   chb11  0.914234  0.955195
11   chb12  0.833893  0.833134
12   chb13  0.821823  0.796064
13   chb14  0.978316  0.976201
14   chb15  0.964198  0.963832
15   chb16  0.938371  0.915959
16   chb17  0.934860  0.932351
17   chb18  0.850963  0.829268
18   chb19  0.970809  0.970302
19   chb20  0.941504  0.943231
20   chb21  0.992620  0.992494
21   chb22  0.950083  0.948009
22   chb23  0.841825  0.817907
23   chb24  0.891916  0.858266
Guardado en results_personalized.csv
