Dispositivo actual: cuda
Modelo seleccionado: SIS2
GPU Info: NVIDIA TITAN X (Pascal)
Pacientes detectados (24): ['chb01', 'chb02', 'chb03', 'chb04', 'chb05', 'chb06', 'chb07', 'chb08', 'chb09', 'chb10', 'chb11', 'chb12', 'chb13', 'chb14', 'chb15', 'chb16', 'chb17', 'chb18', 'chb19', 'chb20', 'chb21', 'chb22', 'chb23', 'chb24']

>>> PRUEBA PERSONALIZADA (1 paciente): chb21 <<<
--- [Personalized] Cargando: chb21 ---
   Train: 11922 | Val: 2981 | Crisis Train: 1472 (12.3%) | Crisis Val: 88
Entrenando en cuda...
Ep 1/50 | TrLoss: 0.5499 TrAcc: 0.8214 | ValLoss: 0.3865 ValAcc: 0.9704
Ep 2/50 | TrLoss: 0.3364 TrAcc: 0.8765 | ValLoss: 0.1378 ValAcc: 0.9704
Ep 3/50 | TrLoss: 0.2109 TrAcc: 0.9202 | ValLoss: 0.0705 ValAcc: 0.9829
Ep 4/50 | TrLoss: 0.1023 TrAcc: 0.9746 | ValLoss: 0.1908 ValAcc: 0.9059
Ep 5/50 | TrLoss: 0.0465 TrAcc: 0.9885 | ValLoss: 0.0170 ValAcc: 0.9963
Ep 6/50 | TrLoss: 0.0262 TrAcc: 0.9936 | ValLoss: 0.0138 ValAcc: 0.9976
Ep 7/50 | TrLoss: 0.0191 TrAcc: 0.9950 | ValLoss: 0.0159 ValAcc: 0.9970
Ep 8/50 | TrLoss: 0.0162 TrAcc: 0.9959 | ValLoss: 0.0253 ValAcc: 0.9909
Ep 9/50 | TrLoss: 0.0150 TrAcc: 0.9951 | ValLoss: 0.0090 ValAcc: 0.9987
Ep 10/50 | TrLoss: 0.0104 TrAcc: 0.9979 | ValLoss: 0.0086 ValAcc: 0.9987
Ep 11/50 | TrLoss: 0.0085 TrAcc: 0.9980 | ValLoss: 0.0113 ValAcc: 0.9976
Ep 12/50 | TrLoss: 0.0071 TrAcc: 0.9984 | ValLoss: 0.0190 ValAcc: 0.9960
Ep 13/50 | TrLoss: 0.0066 TrAcc: 0.9984 | ValLoss: 0.0132 ValAcc: 0.9973
Ep 14/50 | TrLoss: 0.0085 TrAcc: 0.9974 | ValLoss: 0.1039 ValAcc: 0.9839
Ep 15/50 | TrLoss: 0.0177 TrAcc: 0.9946 | ValLoss: 0.0083 ValAcc: 0.9987
Ep 16/50 | TrLoss: 0.0063 TrAcc: 0.9988 | ValLoss: 0.0100 ValAcc: 0.9980
Ep 17/50 | TrLoss: 0.0052 TrAcc: 0.9989 | ValLoss: 0.0085 ValAcc: 0.9980
Ep 18/50 | TrLoss: 0.0045 TrAcc: 0.9992 | ValLoss: 0.0090 ValAcc: 0.9980
Ep 19/50 | TrLoss: 0.0041 TrAcc: 0.9992 | ValLoss: 0.0054 ValAcc: 0.9987
Ep 20/50 | TrLoss: 0.0035 TrAcc: 0.9995 | ValLoss: 0.0132 ValAcc: 0.9970
Ep 21/50 | TrLoss: 0.0033 TrAcc: 0.9993 | ValLoss: 0.0051 ValAcc: 0.9990
Ep 22/50 | TrLoss: 0.0032 TrAcc: 0.9993 | ValLoss: 0.0070 ValAcc: 0.9987
Ep 23/50 | TrLoss: 0.0029 TrAcc: 0.9994 | ValLoss: 0.0063 ValAcc: 0.9987
Ep 24/50 | TrLoss: 0.0032 TrAcc: 0.9994 | ValLoss: 0.0087 ValAcc: 0.9980
Ep 25/50 | TrLoss: 0.0033 TrAcc: 0.9993 | ValLoss: 0.0115 ValAcc: 0.9976
Ep 26/50 | TrLoss: 0.0035 TrAcc: 0.9993 | ValLoss: 0.0042 ValAcc: 0.9990
Ep 27/50 | TrLoss: 0.0025 TrAcc: 0.9994 | ValLoss: 0.0072 ValAcc: 0.9980
Ep 28/50 | TrLoss: 0.0020 TrAcc: 0.9996 | ValLoss: 0.0077 ValAcc: 0.9983
Ep 29/50 | TrLoss: 0.0024 TrAcc: 0.9995 | ValLoss: 0.0114 ValAcc: 0.9950
Ep 30/50 | TrLoss: 0.0021 TrAcc: 0.9996 | ValLoss: 0.0051 ValAcc: 0.9987
Ep 31/50 | TrLoss: 0.0015 TrAcc: 0.9997 | ValLoss: 0.0090 ValAcc: 0.9973
Ep 32/50 | TrLoss: 0.0014 TrAcc: 0.9997 | ValLoss: 0.0111 ValAcc: 0.9973
Ep 33/50 | TrLoss: 0.0013 TrAcc: 0.9997 | ValLoss: 0.0043 ValAcc: 0.9987
Ep 34/50 | TrLoss: 0.0020 TrAcc: 0.9993 | ValLoss: 0.0167 ValAcc: 0.9970
Ep 35/50 | TrLoss: 0.0015 TrAcc: 0.9997 | ValLoss: 0.0214 ValAcc: 0.9956
Ep 36/50 | TrLoss: 0.0011 TrAcc: 0.9997 | ValLoss: 0.0039 ValAcc: 0.9990
Ep 37/50 | TrLoss: 0.0010 TrAcc: 0.9998 | ValLoss: 0.0114 ValAcc: 0.9966
Ep 38/50 | TrLoss: 0.0009 TrAcc: 0.9998 | ValLoss: 0.0213 ValAcc: 0.9953
Ep 39/50 | TrLoss: 0.0009 TrAcc: 0.9997 | ValLoss: 0.0096 ValAcc: 0.9976
Ep 40/50 | TrLoss: 0.0009 TrAcc: 0.9997 | ValLoss: 0.0048 ValAcc: 0.9987
Ep 41/50 | TrLoss: 0.0008 TrAcc: 0.9997 | ValLoss: 0.0077 ValAcc: 0.9976
Ep 42/50 | TrLoss: 0.0007 TrAcc: 0.9997 | ValLoss: 0.0039 ValAcc: 0.9990
Ep 43/50 | TrLoss: 0.0009 TrAcc: 0.9998 | ValLoss: 0.0521 ValAcc: 0.9832
Ep 44/50 | TrLoss: 0.0011 TrAcc: 0.9997 | ValLoss: 0.0053 ValAcc: 0.9976
Ep 45/50 | TrLoss: 0.0008 TrAcc: 0.9997 | ValLoss: 0.0049 ValAcc: 0.9987
Ep 46/50 | TrLoss: 0.0006 TrAcc: 0.9997 | ValLoss: 0.0097 ValAcc: 0.9973
Ep 47/50 | TrLoss: 0.0005 TrAcc: 0.9997 | ValLoss: 0.0051 ValAcc: 0.9987
Ep 48/50 | TrLoss: 0.0006 TrAcc: 0.9998 | ValLoss: 0.0046 ValAcc: 0.9987
Ep 49/50 | TrLoss: 0.0004 TrAcc: 0.9998 | ValLoss: 0.0064 ValAcc: 0.9983
Ep 50/50 | TrLoss: 0.0003 TrAcc: 0.9999 | ValLoss: 0.0223 ValAcc: 0.9956

=== Reporte Validación ===
              precision    recall  f1-score   support

      Normal       1.00      1.00      1.00      2889
     Seizure       1.00      0.85      0.92        88

    accuracy                           1.00      2977
   macro avg       1.00      0.93      0.96      2977
weighted avg       1.00      1.00      1.00      2977


=== RESULTADOS FINALES (prova) ===
   accuracy  ...  patient
0  0.995633  ...    chb21

[1 rows x 6 columns]
Guardado en results_prova.csv
